objects/natural/vegetation/flowers/camassia/camassia_single_2.cgf
objects/natural/bushes/ground_cover_fern/ground_cover_fernbush_small_a.cgf
objects/natural/trees/meadow/f_marsh_grass_a.cgf
objects/natural/bushes/ground_cover_fern/ground_cover_fernbush_large_b.cgf
objects/props/drapes/drapes_squares1wide.cgf
objects/natural/vegetation/ground_plants/nettle/nettle_cluster_tb.cgf
Objects/props/UtilityPole/utilitypole_cable_55.cgf
objects/natural/trees/meadow/f_meadow_grass_e.cgf
objects/natural/grass/field_grass/filed_grass_merged.cgf
Objects/props/drapes/drapes_diamonds3wide.cgf
objects/natural/trees/meadow/f_marsh_grass_c.cgf
Objects/props/drapes/drapes_diamonds2wide.cgf
objects/natural/trees/meadow/f_meadow_grass_b.cgf
Objects/props/drapes/drapes_diamonds1wide.cgf
objects/natural/bushes/ground_cover_fern/ground_cover_fernbush_large_a.cgf
objects/natural/vegetation/flowers/castilleja/red_castilleja_double_1.cgf
objects/natural/vegetation/flowers/castilleja/red_castilleja_single_1.cgf
Objects/props/drapes/drapes_squares3wide.cgf
objects/natural/trees/meadow/f_meadow_grass_d.cgf
Objects/props/UtilityPole/utilitypole_cable_broken.cgf
objects/natural/vegetation/ferns/bracken/bracken_patch_tb.cgf
objects/props/utilitypole/utilitypole_cable_30.cgf
objects/natural/vegetation/flowers/castilleja/castilleja_double_1.cgf
objects/natural/trees/meadow/f_marsh_grass_b.cgf
objects/natural/vegetation/flowers/castilleja/castilleja_single_1.cgf
Objects/props/flag_pole/flag_20ft_1.cgf
objects/natural/trees/meadow/f_meadow_grass_f.cgf
objects/props/drapes/drapes_squares2wide.cgf
Objects/props/basketball/basketball_hoop.cgf
Objects/props/Tarp/Cloth_Merged_Mesh_Deform4.cgf
